[debug] [2026-04-21T18:54:22.486Z] ----------------------------------------------------------------------
[debug] [2026-04-21T18:54:22.490Z] Command:       C:\Program Files\nodejs\node.exe C:\Users\Marc Rabbat\AppData\Roaming\npm\node_modules\firebase-tools\lib\bin\firebase.js init
[debug] [2026-04-21T18:54:22.490Z] CLI Version:   15.15.0
[debug] [2026-04-21T18:54:22.490Z] Platform:      win32
[debug] [2026-04-21T18:54:22.490Z] Node Version:  v22.16.0
[debug] [2026-04-21T18:54:22.491Z] Time:          Tue Apr 21 2026 21:54:22 GMT+0300 (Eastern European Summer Time)
[debug] [2026-04-21T18:54:22.491Z] ----------------------------------------------------------------------
[debug] 
[debug] [2026-04-21T18:54:22.493Z] >>> [apiv2][query] GET https://firebase-public.firebaseio.com/cli.json [none]
[info] 
     ######## #### ########  ######## ########     ###     ######  ########
     ##        ##  ##     ## ##       ##     ##  ##   ##  ##       ##
     ######    ##  ########  ######   ########  #########  ######  ######
     ##        ##  ##    ##  ##       ##     ## ##     ##       ## ##
     ##       #### ##     ## ######## ########  ##     ##  ######  ########

You're about to initialize a Firebase project in this directory:

  C:\Users\Marc Rabbat\ParkingSpotReserve

[debug] [2026-04-21T18:54:24.578Z] <<< [apiv2][status] GET https://firebase-public.firebaseio.com/cli.json 200
[debug] [2026-04-21T18:54:24.579Z] <<< [apiv2][body] GET https://firebase-public.firebaseio.com/cli.json {"cloudBuildErrorAfter":1594252800000,"cloudBuildWarnAfter":1590019200000,"defaultNode10After":1594252800000,"minVersion":"3.0.5","node8DeploysDisabledAfter":1613390400000,"node8RuntimeDisabledAfter":1615809600000,"node8WarnAfter":1600128000000}
[debug] [2026-04-21T18:55:07.216Z] ExitPromptError: User force closed the prompt with SIGINT
    at Interface.sigint (C:\Users\Marc Rabbat\AppData\Roaming\npm\node_modules\firebase-tools\node_modules\@inquirer\core\dist\commonjs\lib\create-prompt.js:101:37)
    at Interface.emit (node:events:518:28)
    at [_ttyWrite] [as _ttyWrite] (node:internal/readline/interface:1128:18)
    at ReadStream.onkeypress (node:internal/readline/interface:267:20)
    at ReadStream.emit (node:events:530:35)
    at emitKeys (node:internal/readline/utils:370:14)
    at emitKeys.next (<anonymous>)
    at ReadStream.onData (node:internal/readline/emitKeypressEvents:64:36)
    at ReadStream.emit (node:events:518:28)
    at addChunk (node:internal/streams/readable:561:12)
[error] 
[error] Error: An unexpected error has occurred.
